[2025-02-02T20:21:27.737+0000] {local_task_job_runner.py:123} INFO - ::group::Pre task execution logs
[2025-02-02T20:21:27.769+0000] {taskinstance.py:2613} INFO - Dependencies all met for dep_context=non-requeueable deps ti=<TaskInstance: directory_and_file_verification_dag.verify_file_reliability manual__2025-02-02T20:21:18.622488+00:00 [queued]>
[2025-02-02T20:21:27.782+0000] {taskinstance.py:2613} INFO - Dependencies all met for dep_context=requeueable deps ti=<TaskInstance: directory_and_file_verification_dag.verify_file_reliability manual__2025-02-02T20:21:18.622488+00:00 [queued]>
[2025-02-02T20:21:27.783+0000] {taskinstance.py:2866} INFO - Starting attempt 1 of 1
[2025-02-02T20:21:27.803+0000] {taskinstance.py:2889} INFO - Executing <Task(BranchPythonOperator): verify_file_reliability> on 2025-02-02 20:21:18.622488+00:00
[2025-02-02T20:21:27.812+0000] {warnings.py:112} WARNING - /home/***/.local/lib/python3.12/site-packages/***/task/task_runner/standard_task_runner.py:70: DeprecationWarning: This process (pid=1985) is multi-threaded, use of fork() may lead to deadlocks in the child.
  pid = os.fork()

[2025-02-02T20:21:27.813+0000] {standard_task_runner.py:72} INFO - Started process 1987 to run task
[2025-02-02T20:21:27.814+0000] {standard_task_runner.py:104} INFO - Running: ['***', 'tasks', 'run', 'directory_and_file_verification_dag', 'verify_file_reliability', 'manual__2025-02-02T20:21:18.622488+00:00', '--job-id', '302', '--raw', '--subdir', 'DAGS_FOLDER/my_directory_and_file_checker.py', '--cfg-path', '/tmp/tmpl02eftvd']
[2025-02-02T20:21:27.816+0000] {standard_task_runner.py:105} INFO - Job 302: Subtask verify_file_reliability
[2025-02-02T20:21:28.088+0000] {task_command.py:467} INFO - Running <TaskInstance: directory_and_file_verification_dag.verify_file_reliability manual__2025-02-02T20:21:18.622488+00:00 [running]> on host 003b7fbea265
[2025-02-02T20:21:28.172+0000] {taskinstance.py:3132} INFO - Exporting env vars: AIRFLOW_CTX_DAG_OWNER='***' AIRFLOW_CTX_DAG_ID='directory_and_file_verification_dag' AIRFLOW_CTX_TASK_ID='verify_file_reliability' AIRFLOW_CTX_EXECUTION_DATE='2025-02-02T20:21:18.622488+00:00' AIRFLOW_CTX_TRY_NUMBER='1' AIRFLOW_CTX_DAG_RUN_ID='manual__2025-02-02T20:21:18.622488+00:00'
[2025-02-02T20:21:28.173+0000] {logging_mixin.py:190} INFO - Task instance is in running state
[2025-02-02T20:21:28.174+0000] {logging_mixin.py:190} INFO -  Previous state of the Task instance: queued
[2025-02-02T20:21:28.174+0000] {logging_mixin.py:190} INFO - Current task name:verify_file_reliability state:running start_date:2025-02-02 20:21:27.770426+00:00
[2025-02-02T20:21:28.175+0000] {logging_mixin.py:190} INFO - Dag name:directory_and_file_verification_dag and current dag run status:running
[2025-02-02T20:21:28.176+0000] {taskinstance.py:731} INFO - ::endgroup::
[2025-02-02T20:21:28.177+0000] {baseoperator.py:421} WARNING - BranchPythonOperator.execute cannot be called outside TaskInstance!
[2025-02-02T20:21:28.190+0000] {my_directory_and_file_checker.py:57} ERROR - ‚ùå Erreur d'encodage (utf-8) pour √âcritures comptables article.csv: 'utf-8' codec can't decode byte 0xb0 in position 1: invalid start byte
[2025-02-02T20:21:28.270+0000] {logging_mixin.py:190} INFO - 
üìÇ Contenu du fichier (ISO-8859-1): √âcritures comptables article.csv
[2025-02-02T20:21:28.315+0000] {logging_mixin.py:190} INFO -   Date comptabilisation       N¬∞ lot  ... KOR par R√©ception KOR INPUT
0            31/12/2024  A-BNDK 2304  ...             0,000     0,000
1            31/12/2024  B-BNDK 2304  ...             0,000     0,000
2            31/12/2024  C-BNDK 2304  ...             0,000     0,000
3            31/12/2024  D-BNDK 2304  ...             0,000     0,000
4            31/12/2024  E-BNDK 2304  ...             0,000     0,000

[5 rows x 27 columns]
[2025-02-02T20:21:28.316+0000] {logging_mixin.py:190} INFO - Boris200223 <class 'pandas.core.frame.DataFrame'>
[2025-02-02T20:21:28.317+0000] {logging_mixin.py:190} INFO - jean64464 []
[2025-02-02T20:21:28.318+0000] {logging_mixin.py:190} INFO - jean64588888 31/12/2024 %Y-%m-%d
[2025-02-02T20:21:28.319+0000] {logging_mixin.py:190} INFO - jean645888258 2020-07-12 00:00:00
[2025-02-02T20:21:28.320+0000] {logging_mixin.py:190} INFO - ‚ùå Erreur de fiabilit√© : Date invalide dans la colonne 'Date comptabilisation': 31/12/2024
[2025-02-02T20:21:28.321+0000] {taskinstance.py:3311} ERROR - Task failed with exception
Traceback (most recent call last):
  File "/opt/airflow/dags/my_directory_and_file_checker.py", line 149, in check_file_reliability
    datetime.strptime(str(value), "%Y-%m-%d")
  File "/usr/local/lib/python3.12/_strptime.py", line 655, in _strptime_datetime
    tt, fraction, gmtoff_fraction = _strptime(data_string, format)
                                    ^^^^^^^^^^^^^^^^^^^^^^^^^^^^^^
  File "/usr/local/lib/python3.12/_strptime.py", line 434, in _strptime
    raise ValueError("time data %r does not match format %r" %
ValueError: time data '31/12/2024' does not match format '%Y-%m-%d'

During handling of the above exception, another exception occurred:

Traceback (most recent call last):
  File "/home/airflow/.local/lib/python3.12/site-packages/airflow/models/taskinstance.py", line 767, in _execute_task
    result = _execute_callable(context=context, **execute_callable_kwargs)
             ^^^^^^^^^^^^^^^^^^^^^^^^^^^^^^^^^^^^^^^^^^^^^^^^^^^^^^^^^^^^^
  File "/home/airflow/.local/lib/python3.12/site-packages/airflow/models/taskinstance.py", line 733, in _execute_callable
    return ExecutionCallableRunner(
           ^^^^^^^^^^^^^^^^^^^^^^^^
  File "/home/airflow/.local/lib/python3.12/site-packages/airflow/utils/operator_helpers.py", line 252, in run
    return self.func(*args, **kwargs)
           ^^^^^^^^^^^^^^^^^^^^^^^^^^
  File "/home/airflow/.local/lib/python3.12/site-packages/airflow/models/baseoperator.py", line 422, in wrapper
    return func(self, *args, **kwargs)
           ^^^^^^^^^^^^^^^^^^^^^^^^^^^
  File "/home/airflow/.local/lib/python3.12/site-packages/airflow/operators/python.py", line 274, in execute
    return self.do_branch(context, super().execute(context))
                                   ^^^^^^^^^^^^^^^^^^^^^^^^
  File "/home/airflow/.local/lib/python3.12/site-packages/airflow/models/baseoperator.py", line 422, in wrapper
    return func(self, *args, **kwargs)
           ^^^^^^^^^^^^^^^^^^^^^^^^^^^
  File "/home/airflow/.local/lib/python3.12/site-packages/airflow/operators/python.py", line 238, in execute
    return_value = self.execute_callable()
                   ^^^^^^^^^^^^^^^^^^^^^^^
  File "/home/airflow/.local/lib/python3.12/site-packages/airflow/operators/python.py", line 256, in execute_callable
    return runner.run(*self.op_args, **self.op_kwargs)
           ^^^^^^^^^^^^^^^^^^^^^^^^^^^^^^^^^^^^^^^^^^^
  File "/home/airflow/.local/lib/python3.12/site-packages/airflow/utils/operator_helpers.py", line 252, in run
    return self.func(*args, **kwargs)
           ^^^^^^^^^^^^^^^^^^^^^^^^^^
  File "/opt/airflow/dags/my_directory_and_file_checker.py", line 172, in verify_file_reliability
    check_file_reliability(pdFile)
  File "/opt/airflow/dags/my_directory_and_file_checker.py", line 151, in check_file_reliability
    raise ValueError(f"Date invalide dans la colonne '{column}': {value}")
ValueError: Date invalide dans la colonne 'Date comptabilisation': 31/12/2024
[2025-02-02T20:21:28.340+0000] {logging_mixin.py:190} INFO - Task instance in failure state
[2025-02-02T20:21:28.341+0000] {logging_mixin.py:190} INFO - Task start:2025-02-02 20:21:27.770426+00:00 end:2025-02-02 20:21:28.339437+00:00 duration:0.569011
[2025-02-02T20:21:28.342+0000] {logging_mixin.py:190} INFO - Task:<Task(BranchPythonOperator): verify_file_reliability> dag:<DAG: directory_and_file_verification_dag> dagrun:<DagRun directory_and_file_verification_dag @ 2025-02-02 20:21:18.622488+00:00: manual__2025-02-02T20:21:18.622488+00:00, state:running, queued_at: 2025-02-02 20:21:18.635046+00:00. externally triggered: True>
[2025-02-02T20:21:28.342+0000] {logging_mixin.py:190} INFO - Failure caused by Date invalide dans la colonne 'Date comptabilisation': 31/12/2024
[2025-02-02T20:21:28.343+0000] {taskinstance.py:1225} INFO - Marking task as FAILED. dag_id=directory_and_file_verification_dag, task_id=verify_file_reliability, run_id=manual__2025-02-02T20:21:18.622488+00:00, execution_date=20250202T202118, start_date=20250202T202127, end_date=20250202T202128
[2025-02-02T20:21:28.356+0000] {taskinstance.py:340} INFO - ::group::Post task execution logs
[2025-02-02T20:21:28.357+0000] {standard_task_runner.py:124} ERROR - Failed to execute job 302 for task verify_file_reliability (Date invalide dans la colonne 'Date comptabilisation': 31/12/2024; 1987)
Traceback (most recent call last):
  File "/opt/airflow/dags/my_directory_and_file_checker.py", line 149, in check_file_reliability
    datetime.strptime(str(value), "%Y-%m-%d")
  File "/usr/local/lib/python3.12/_strptime.py", line 655, in _strptime_datetime
    tt, fraction, gmtoff_fraction = _strptime(data_string, format)
                                    ^^^^^^^^^^^^^^^^^^^^^^^^^^^^^^
  File "/usr/local/lib/python3.12/_strptime.py", line 434, in _strptime
    raise ValueError("time data %r does not match format %r" %
ValueError: time data '31/12/2024' does not match format '%Y-%m-%d'

During handling of the above exception, another exception occurred:

Traceback (most recent call last):
  File "/home/airflow/.local/lib/python3.12/site-packages/airflow/task/task_runner/standard_task_runner.py", line 117, in _start_by_fork
    ret = args.func(args, dag=self.dag)
          ^^^^^^^^^^^^^^^^^^^^^^^^^^^^^
  File "/home/airflow/.local/lib/python3.12/site-packages/airflow/cli/cli_config.py", line 49, in command
    return func(*args, **kwargs)
           ^^^^^^^^^^^^^^^^^^^^^
  File "/home/airflow/.local/lib/python3.12/site-packages/airflow/utils/cli.py", line 116, in wrapper
    return f(*args, **kwargs)
           ^^^^^^^^^^^^^^^^^^
  File "/home/airflow/.local/lib/python3.12/site-packages/airflow/cli/commands/task_command.py", line 483, in task_run
    task_return_code = _run_task_by_selected_method(args, _dag, ti)
                       ^^^^^^^^^^^^^^^^^^^^^^^^^^^^^^^^^^^^^^^^^^^^
  File "/home/airflow/.local/lib/python3.12/site-packages/airflow/cli/commands/task_command.py", line 256, in _run_task_by_selected_method
    return _run_raw_task(args, ti)
           ^^^^^^^^^^^^^^^^^^^^^^^
  File "/home/airflow/.local/lib/python3.12/site-packages/airflow/cli/commands/task_command.py", line 341, in _run_raw_task
    return ti._run_raw_task(
           ^^^^^^^^^^^^^^^^^
  File "/home/airflow/.local/lib/python3.12/site-packages/airflow/utils/session.py", line 97, in wrapper
    return func(*args, session=session, **kwargs)
           ^^^^^^^^^^^^^^^^^^^^^^^^^^^^^^^^^^^^^^
  File "/home/airflow/.local/lib/python3.12/site-packages/airflow/models/taskinstance.py", line 3005, in _run_raw_task
    return _run_raw_task(
           ^^^^^^^^^^^^^^
  File "/home/airflow/.local/lib/python3.12/site-packages/airflow/models/taskinstance.py", line 273, in _run_raw_task
    TaskInstance._execute_task_with_callbacks(
  File "/home/airflow/.local/lib/python3.12/site-packages/airflow/models/taskinstance.py", line 3159, in _execute_task_with_callbacks
    result = self._execute_task(context, task_orig)
             ^^^^^^^^^^^^^^^^^^^^^^^^^^^^^^^^^^^^^^
  File "/home/airflow/.local/lib/python3.12/site-packages/airflow/models/taskinstance.py", line 3183, in _execute_task
    return _execute_task(self, context, task_orig)
           ^^^^^^^^^^^^^^^^^^^^^^^^^^^^^^^^^^^^^^^
  File "/home/airflow/.local/lib/python3.12/site-packages/airflow/models/taskinstance.py", line 767, in _execute_task
    result = _execute_callable(context=context, **execute_callable_kwargs)
             ^^^^^^^^^^^^^^^^^^^^^^^^^^^^^^^^^^^^^^^^^^^^^^^^^^^^^^^^^^^^^
  File "/home/airflow/.local/lib/python3.12/site-packages/airflow/models/taskinstance.py", line 733, in _execute_callable
    return ExecutionCallableRunner(
           ^^^^^^^^^^^^^^^^^^^^^^^^
  File "/home/airflow/.local/lib/python3.12/site-packages/airflow/utils/operator_helpers.py", line 252, in run
    return self.func(*args, **kwargs)
           ^^^^^^^^^^^^^^^^^^^^^^^^^^
  File "/home/airflow/.local/lib/python3.12/site-packages/airflow/models/baseoperator.py", line 422, in wrapper
    return func(self, *args, **kwargs)
           ^^^^^^^^^^^^^^^^^^^^^^^^^^^
  File "/home/airflow/.local/lib/python3.12/site-packages/airflow/operators/python.py", line 274, in execute
    return self.do_branch(context, super().execute(context))
                                   ^^^^^^^^^^^^^^^^^^^^^^^^
  File "/home/airflow/.local/lib/python3.12/site-packages/airflow/models/baseoperator.py", line 422, in wrapper
    return func(self, *args, **kwargs)
           ^^^^^^^^^^^^^^^^^^^^^^^^^^^
  File "/home/airflow/.local/lib/python3.12/site-packages/airflow/operators/python.py", line 238, in execute
    return_value = self.execute_callable()
                   ^^^^^^^^^^^^^^^^^^^^^^^
  File "/home/airflow/.local/lib/python3.12/site-packages/airflow/operators/python.py", line 256, in execute_callable
    return runner.run(*self.op_args, **self.op_kwargs)
           ^^^^^^^^^^^^^^^^^^^^^^^^^^^^^^^^^^^^^^^^^^^
  File "/home/airflow/.local/lib/python3.12/site-packages/airflow/utils/operator_helpers.py", line 252, in run
    return self.func(*args, **kwargs)
           ^^^^^^^^^^^^^^^^^^^^^^^^^^
  File "/opt/airflow/dags/my_directory_and_file_checker.py", line 172, in verify_file_reliability
    check_file_reliability(pdFile)
  File "/opt/airflow/dags/my_directory_and_file_checker.py", line 151, in check_file_reliability
    raise ValueError(f"Date invalide dans la colonne '{column}': {value}")
ValueError: Date invalide dans la colonne 'Date comptabilisation': 31/12/2024
[2025-02-02T20:21:28.391+0000] {local_task_job_runner.py:266} INFO - Task exited with return code 1
[2025-02-02T20:21:28.574+0000] {taskinstance.py:3895} INFO - 0 downstream tasks scheduled from follow-on schedule check
[2025-02-02T20:21:28.580+0000] {local_task_job_runner.py:245} INFO - ::endgroup::
